{
  "baz": "quux",
  "foo": "bar",
  "nestedObject": {
    "prop1": "a property",
    "prop2": [
      1,
      2
    ]
  }
}
